// Jest Snapshot v1, https://goo.gl/fbAQLP

exports[`instruments: sum f should return an addition of 2 args 1`] = `9`;
